[www.mylynhnguyen.com/index.html]
[backblue.gif]
[fade.gif]
[index.html]
[www.mylynhnguyen.com/images/favicon.png]
[www.mylynhnguyen.com/css/imageTimeline.css]
[www.mylynhnguyen.com/css/animate.min.css]
[www.mylynhnguyen.com/css/font-awesome.min.css]
[www.mylynhnguyen.com/css/jquery.fancybox.min.css]
[www.mylynhnguyen.com/css/slicknav.min.css]
[www.mylynhnguyen.com/css/animate-text.css]
[www.mylynhnguyen.com/css/owl.theme.default.css]
[www.mylynhnguyen.com/css/owl.carousel.min.css]
[www.mylynhnguyen.com/css/bootstrap.min.css]
[www.mylynhnguyen.com/style.css]
[www.mylynhnguyen.com/css/reset.css]
[www.mylynhnguyen.com/css/responsive.css]
[www.mylynhnguyen.com/css/color/color3.css]
[www.mylynhnguyen.com/images/cafe1cropped.png]
[www.mylynhnguyen.com/images/sidepic.png]
[www.mylynhnguyen.com/Resume.pdf]
[www.mylynhnguyen.com/images/car1.png]
[www.mylynhnguyen.com/images/profilecropped.jpg]
[www.mylynhnguyen.com/images/refugee-stories1.jpg]
[www.mylynhnguyen.com/images/mympy1.jpg]
[www.mylynhnguyen.com/images/nps-score.png]
[www.mylynhnguyen.com/images/edulloweb.jpg]
[www.mylynhnguyen.com/images/usbest.jpg]
[www.mylynhnguyen.com/www.usbesttransport.com]
[www.mylynhnguyen.com/images/catchAndDeliver.jpg]
[www.mylynhnguyen.com/images/deadjokes.jpg]
[www.mylynhnguyen.com/images/csbw1.png]
[www.mylynhnguyen.com/images/csbw2.png]
[www.chanler.com/files/frys.jpg]
[www.jweekly.com/wp-content/uploads/2017/05/Krause_Entrance-crop-e1541112237912.jpg]
[news.sfsu.edu/sites/default/files/grad_main_5.jpg]
[thumbor.forbes.com/thumbor/960x0/https_/blogs-images.forbes.com/jonathanmoed/files/2019/04/Lambda-Promo-Image.png]
[www.mylynhnguyen.com/images/mycode.jpg]
[www.mylynhnguyen.com/images/pge.jpg]
[www.nucamp.co/assets/imgs/homepage/banner-home-mobile3.jpg]
[www.mylynhnguyen.com/js/jquery.min.js]
[www.mylynhnguyen.com/js/modernizr.min.js]
[www.mylynhnguyen.com/js/wow.min.js]
[www.mylynhnguyen.com/js/jquery.fancybox.min.js]
[www.mylynhnguyen.com/js/animate-text.js]
[www.mylynhnguyen.com/js/jquery.slicknav.min.js]
[www.mylynhnguyen.com/js/jquery.stellar.min.js]
[www.mylynhnguyen.com/js/easing.js]
[www.mylynhnguyen.com/js/jquery.nav.js]
[www.mylynhnguyen.com/js/owl.carousel.min.js]
[www.mylynhnguyen.com/js/ytplayer.min.js]
[www.mylynhnguyen.com/js/particles.min.js]
[www.mylynhnguyen.com/js/waypoints.min.js]
[www.mylynhnguyen.com/js/jquery.counterup.min.js]
[www.mylynhnguyen.com/js/isotope.pkgd.min.js]
[www.mylynhnguyen.com/js/bootstrap.min.js]
[www.mylynhnguyen.com/js/main.js]
[www.mylynhnguyen.com/js/imageTimeline.js]
[www.mylynhnguyen.com/index.html]
[www.mylynhnguyen.com/css/imageTimeline.css]
[www.mylynhnguyen.com/css/animate.min.css]
[www.mylynhnguyen.com/fonts/fontawesome-webfont3e6e.eot]
[www.mylynhnguyen.com/fonts/fontawesome-webfontd41d.eot]
[www.mylynhnguyen.com/fonts/fontawesome-webfont3e6e.woff]
[www.mylynhnguyen.com/fonts/fontawesome-webfont3e6e.ttf]
[www.mylynhnguyen.com/css/font-awesome.min.css]
[www.mylynhnguyen.com/css/jquery.fancybox.min.css]
[www.mylynhnguyen.com/css/slicknav.min.css]
[www.mylynhnguyen.com/css/animate-text.css]
[www.mylynhnguyen.com/css/owl.theme.default.css]
[www.mylynhnguyen.com/fonts/fontawesome-webfont3e6e.svg]
[www.mylynhnguyen.com/css/owl.video.play.png]
[www.mylynhnguyen.com/css/owl.carousel.min.css]
[www.mylynhnguyen.com/fonts/glyphicons-halflings-regular.eot]
[www.mylynhnguyen.com/fonts/glyphicons-halflings-regulard41d.eot]
[www.mylynhnguyen.com/fonts/glyphicons-halflings-regular.woff2]
[www.mylynhnguyen.com/fonts/glyphicons-halflings-regular.woff]
[www.mylynhnguyen.com/fonts/glyphicons-halflings-regular.ttf]
[www.mylynhnguyen.com/fonts/glyphicons-halflings-regular.svg]
[www.mylynhnguyen.com/css/bootstrap.min.css]
[www.mylynhnguyen.com/images/transition.jpg]
[www.mylynhnguyen.com/images/banner-pattern.png]
[www.mylynhnguyen.com/images/car2.png]
[www.mylynhnguyen.com/images/lookdown.jpg]
[www.mylynhnguyen.com/style.css]
[www.mylynhnguyen.com/css/reset.css]
[www.mylynhnguyen.com/css/responsive.css]
[www.mylynhnguyen.com/css/color/color3.css]
[www.mylynhnguyen.com/www.usbesttransport.html]
[www.mylynhnguyen.com/js/jquery.min.js]
[www.mylynhnguyen.com/js/modernizr.min.js]
[www.mylynhnguyen.com/js/wow.min.js]
[www.mylynhnguyen.com/js/jquery.fancybox.min.js]
[www.mylynhnguyen.com/js/animate-text.js]
[www.mylynhnguyen.com/js/jquery.slicknav.min.js]
[www.mylynhnguyen.com/js/jquery.stellar.min.js]
[www.mylynhnguyen.com/js/easing.js]
[www.mylynhnguyen.com/js/jquery.nav.js]
[www.mylynhnguyen.com/js/owl.carousel.min.js]
[www.mylynhnguyen.com/js/ytplayer.min.js]
[www.mylynhnguyen.com/Error pJS - No image.49.delayed]
[www.mylynhnguyen.com/js/particles.min.js]
[www.mylynhnguyen.com/js/waypoints.min.js]
[www.mylynhnguyen.com/js/jquery.counterup.min.js]
[www.mylynhnguyen.com/js/isotope.pkgd.min.js]
[www.mylynhnguyen.com/js/bootstrap.min.js]
[www.mylynhnguyen.com/js/main.js]
[www.mylynhnguyen.com/js/imageTimeline.js]
[www.mylynhnguyen.com/fonts/fontawesome-webfont3e6e.svg]
[www.mylynhnguyen.com/css/owl.video.play.html]
[www.mylynhnguyen.com/fonts/glyphicons-halflings-regular.html]
[www.mylynhnguyen.com/fonts/glyphicons-halflings-regulard41d.html]
[www.mylynhnguyen.com/fonts/glyphicons-halflings-regular-2.html]
[www.mylynhnguyen.com/fonts/glyphicons-halflings-regular-3.html]
[www.mylynhnguyen.com/fonts/glyphicons-halflings-regular-4.html]
[www.mylynhnguyen.com/fonts/glyphicons-halflings-regular-5.html]
[www.mylynhnguyen.com/Error pJS - No image.html]
[www.mylynhnguyen.com/fonts/fontawesome-webfont3e6e.woff2]
[www.mylynhnguyen.com/GET]
[www.mylynhnguyen.com/Popover requires tooltip.js]
[swinertonbuildstomorrow.net/assets/uploads/ProjectPhoto/189/imageFull/3_Ext_NWElevDusk_MR.jpg]
[www.mylynhnguyen.com/GET]
[www.mylynhnguyen.com/Popover requires tooltip.js]
